[    0.000000] Linux version 4.15.0-161-generic (buildd@lcy01-amd64-012) (gcc version 7.5.0 (Ubuntu 7.5.0-3ubuntu1~18.04)) #169-Ubuntu SMP Fri Oct 15 13:41:54 UTC 2021 (Ubuntu 4.15.0-161.169-generic 4.15.18)
[    0.000000] Command line: BOOT_IMAGE=/boot/vmlinuz-4.15.0-161-generic root=LABEL=cloudimg-rootfs ro console=tty1 console=ttyS0
[    0.000000] KERNEL supported cpus:
[    0.000000]   Intel GenuineIntel
[    0.000000]   AMD AuthenticAMD
[    0.000000]   Centaur CentaurHauls
[    0.000000] x86/fpu: Supporting XSAVE feature 0x001: 'x87 floating point registers'
[    0.000000] x86/fpu: Supporting XSAVE feature 0x002: 'SSE registers'
[    0.000000] x86/fpu: Supporting XSAVE feature 0x004: 'AVX registers'
[    0.000000] x86/fpu: xstate_offset[2]:  576, xstate_sizes[2]:  256
[    0.000000] x86/fpu: Enabled xstate features 0x7, context size is 832 bytes, using 'standard' format.
[    0.000000] e820: BIOS-provided physical RAM map:
[    0.000000] BIOS-e820: [mem 0x0000000000000000-0x000000000009fbff] usable
[    0.000000] BIOS-e820: [mem 0x000000000009fc00-0x000000000009ffff] reserved
[    0.000000] BIOS-e820: [mem 0x00000000000f0000-0x00000000000fffff] reserved
[    0.000000] BIOS-e820: [mem 0x0000000000100000-0x000000007ffeffff] usable
[    0.000000] BIOS-e820: [mem 0x000000007fff0000-0x000000007fffffff] ACPI data
[    0.000000] BIOS-e820: [mem 0x00000000fec00000-0x00000000fec00fff] reserved
[    0.000000] BIOS-e820: [mem 0x00000000fee00000-0x00000000fee00fff] reserved
[    0.000000] BIOS-e820: [mem 0x00000000fffc0000-0x00000000ffffffff] reserved
[    0.000000] NX (Execute Disable) protection: active
[    0.000000] SMBIOS 2.5 present.
[    0.000000] DMI: innotek GmbH VirtualBox/VirtualBox, BIOS VirtualBox 12/01/2006
[    0.000000] Hypervisor detected: KVM
[    0.000000] e820: last_pfn = 0x7fff0 max_arch_pfn = 0x400000000
[    0.000000] MTRR: Disabled
[    0.000000] x86/PAT: MTRRs disabled, skipping PAT initialization too.
[    0.000000] CPU MTRRs all blank - virtualized system.
[    0.000000] x86/PAT: Configuration [0-7]: WB  WT  UC- UC  WB  WT  UC- UC  
[    0.000000] found SMP MP-table at [mem 0x0009fff0-0x0009ffff]
[    0.000000] Scanning 1 areas for low memory corruption
[    0.000000] RAMDISK: [mem 0x359cf000-0x36cdefff]
[    0.000000] ACPI: Early table checksum verification disabled
[    0.000000] ACPI: RSDP 0x00000000000E0000 000024 (v02 VBOX  )
[    0.000000] ACPI: XSDT 0x000000007FFF0030 00003C (v01 VBOX   VBOXXSDT 00000001 ASL  00000061)
[    0.000000] ACPI: FACP 0x000000007FFF00F0 0000F4 (v04 VBOX   VBOXFACP 00000001 ASL  00000061)
[    0.000000] ACPI: DSDT 0x000000007FFF0470 002325 (v02 VBOX   VBOXBIOS 00000002 INTL 20100528)
[    0.000000] ACPI: FACS 0x000000007FFF0200 000040
[    0.000000] ACPI: FACS 0x000000007FFF0200 000040
[    0.000000] ACPI: APIC 0x000000007FFF0240 00005C (v02 VBOX   VBOXAPIC 00000001 ASL  00000061)
[    0.000000] ACPI: SSDT 0x000000007FFF02A0 0001CC (v01 VBOX   VBOXCPUT 00000002 INTL 20100528)
[    0.000000] ACPI: Reserving FACP table memory at [mem 0x7fff00f0-0x7fff01e3]
[    0.000000] ACPI: Reserving DSDT table memory at [mem 0x7fff0470-0x7fff2794]
[    0.000000] ACPI: Reserving FACS table memory at [mem 0x7fff0200-0x7fff023f]
[    0.000000] ACPI: Reserving FACS table memory at [mem 0x7fff0200-0x7fff023f]
[    0.000000] ACPI: Reserving APIC table memory at [mem 0x7fff0240-0x7fff029b]
[    0.000000] ACPI: Reserving SSDT table memory at [mem 0x7fff02a0-0x7fff046b]
[    0.000000] No NUMA configuration found
[    0.000000] Faking a node at [mem 0x0000000000000000-0x000000007ffeffff]
[    0.000000] NODE_DATA(0) allocated [mem 0x7ffc5000-0x7ffeffff]
[    0.000000] kvm-clock: cpu 0, msr 0:7ff44001, primary cpu clock
[    0.000000] kvm-clock: Using msrs 4b564d01 and 4b564d00
[    0.000000] kvm-clock: using sched offset of 3841967144 cycles
[    0.000000] clocksource: kvm-clock: mask: 0xffffffffffffffff max_cycles: 0x1cd42e4dffb, max_idle_ns: 881590591483 ns
[    0.000000] Zone ranges:
[    0.000000]   DMA      [mem 0x0000000000001000-0x0000000000ffffff]
[    0.000000]   DMA32    [mem 0x0000000001000000-0x000000007ffeffff]
[    0.000000]   Normal   empty
[    0.000000]   Device   empty
[    0.000000] Movable zone start for each node
[    0.000000] Early memory node ranges
[    0.000000]   node   0: [mem 0x0000000000001000-0x000000000009efff]
[    0.000000]   node   0: [mem 0x0000000000100000-0x000000007ffeffff]
[    0.000000] Reserved but unavailable: 104 pages
[    0.000000] Initmem setup node 0 [mem 0x0000000000001000-0x000000007ffeffff]
[    0.000000] ACPI: PM-Timer IO Port: 0x4008
[    0.000000] IOAPIC[0]: apic_id 2, version 32, address 0xfec00000, GSI 0-23
[    0.000000] ACPI: INT_SRC_OVR (bus 0 bus_irq 0 global_irq 2 dfl dfl)
[    0.000000] ACPI: INT_SRC_OVR (bus 0 bus_irq 9 global_irq 9 low level)
[    0.000000] Using ACPI (MADT) for SMP configuration information
[    0.000000] smpboot: Allowing 2 CPUs, 0 hotplug CPUs
[    0.000000] PM: Registered nosave memory: [mem 0x00000000-0x00000fff]
[    0.000000] PM: Registered nosave memory: [mem 0x0009f000-0x0009ffff]
[    0.000000] PM: Registered nosave memory: [mem 0x000a0000-0x000effff]
[    0.000000] PM: Registered nosave memory: [mem 0x000f0000-0x000fffff]
[    0.000000] e820: [mem 0x80000000-0xfebfffff] available for PCI devices
[    0.000000] Booting paravirtualized kernel on KVM
[    0.000000] clocksource: refined-jiffies: mask: 0xffffffff max_cycles: 0xffffffff, max_idle_ns: 7645519600211568 ns
[    0.000000] random: get_random_bytes called from start_kernel+0x99/0x500 with crng_init=0
[    0.000000] setup_percpu: NR_CPUS:8192 nr_cpumask_bits:2 nr_cpu_ids:2 nr_node_ids:1
[    0.000000] percpu: Embedded 45 pages/cpu s147456 r8192 d28672 u1048576
[    0.000000] PV qspinlock hash table entries: 256 (order: 0, 4096 bytes)
[    0.000000] Built 1 zonelists, mobility grouping on.  Total pages: 515961
[    0.000000] Policy zone: DMA32
[    0.000000] Kernel command line: BOOT_IMAGE=/boot/vmlinuz-4.15.0-161-generic root=LABEL=cloudimg-rootfs ro console=tty1 console=ttyS0
[    0.000000] Memory: 2014908K/2096696K available (12300K kernel code, 2483K rwdata, 4320K rodata, 2448K init, 2724K bss, 81788K reserved, 0K cma-reserved)
[    0.000000] SLUB: HWalign=64, Order=0-3, MinObjects=0, CPUs=2, Nodes=1
[    0.000000] Kernel/User page tables isolation: enabled
[    0.000000] ftrace: allocating 39475 entries in 155 pages
[    0.004000] Hierarchical RCU implementation.
[    0.004000] 	RCU restricting CPUs from NR_CPUS=8192 to nr_cpu_ids=2.
[    0.004000] 	Tasks RCU enabled.
[    0.004000] RCU: Adjusting geometry for rcu_fanout_leaf=16, nr_cpu_ids=2
[    0.004000] NR_IRQS: 524544, nr_irqs: 440, preallocated irqs: 16
[    0.004000] Console: colour VGA+ 80x25
[    0.004000] console [tty1] enabled
[    0.004000] console [ttyS0] enabled
[    0.004000] ACPI: Core revision 20170831
[    0.004000] ACPI: 2 ACPI AML tables successfully acquired and loaded
[    0.004000] APIC: Switch to symmetric I/O mode setup
[    0.004000] x2apic enabled
[    0.004054] Switched APIC routing to physical x2apic.
[    0.006341] ..TIMER: vector=0x30 apic1=0 pin1=2 apic2=-1 pin2=-1
[    0.008010] tsc: Detected 2304.016 MHz processor
[    0.012012] Calibrating delay loop (skipped) preset value.. 4608.03 BogoMIPS (lpj=9216064)
[    0.013367] pid_max: default: 32768 minimum: 301
[    0.014125] Security Framework initialized
[    0.014774] Yama: becoming mindful.
[    0.015358] AppArmor: AppArmor initialized
[    0.016759] Dentry cache hash table entries: 262144 (order: 9, 2097152 bytes)
[    0.018396] Inode-cache hash table entries: 131072 (order: 8, 1048576 bytes)
[    0.019466] Mount-cache hash table entries: 4096 (order: 3, 32768 bytes)
[    0.020009] Mountpoint-cache hash table entries: 4096 (order: 3, 32768 bytes)
[    0.021490] Last level iTLB entries: 4KB 64, 2MB 8, 4MB 8
[    0.024052] Last level dTLB entries: 4KB 64, 2MB 0, 4MB 0, 1GB 4
[    0.028026] Spectre V1 : Mitigation: usercopy/swapgs barriers and __user pointer sanitization
[    0.029739] Spectre V2 : Mitigation: Full generic retpoline
[    0.030753] Spectre V2 : Spectre v2 / SpectreRSB mitigation: Filling RSB on context switch
[    0.032006] Speculative Store Bypass: Vulnerable
[    0.032906] SRBDS: Unknown: Dependent on hypervisor status
[    0.033978] MDS: Mitigation: Clear CPU buffers
[    0.036087] Freeing SMP alternatives memory: 36K
[    0.146695] smpboot: CPU0: Intel(R) Core(TM) i7-10510U CPU @ 1.80GHz (family: 0x6, model: 0x8e, stepping: 0xc)
[    0.148000] Performance Events: unsupported p6 CPU model 142 no PMU driver, software events only.
[    0.148000] Hierarchical SRCU implementation.
[    0.148219] NMI watchdog: Perf event create on CPU 0 failed with -2
[    0.149167] NMI watchdog: Perf NMI watchdog permanently disabled
[    0.150123] smp: Bringing up secondary CPUs ...
[    0.150923] x86: Booting SMP configuration:
[    0.151590] .... node  #0, CPUs:      #1
[    0.004000] kvm-clock: cpu 1, msr 0:7ff44041, secondary cpu clock
[    0.155462] smp: Brought up 1 node, 2 CPUs
[    0.156043] smpboot: Max logical packages: 1
[    0.157034] smpboot: Total of 2 processors activated (9216.06 BogoMIPS)
[    0.160448] devtmpfs: initialized
[    0.160856] x86/mm: Memory block size: 128MB
[    0.162053] evm: security.selinux
[    0.162868] evm: security.SMACK64
[    0.164017] evm: security.SMACK64EXEC
[    0.164796] evm: security.SMACK64TRANSMUTE
[    0.165820] evm: security.SMACK64MMAP
[    0.166513] evm: security.apparmor
[    0.168000] evm: security.ima
[    0.168000] evm: security.capability
[    0.170200] clocksource: jiffies: mask: 0xffffffff max_cycles: 0xffffffff, max_idle_ns: 7645041785100000 ns
[    0.172176] futex hash table entries: 512 (order: 3, 32768 bytes)
[    0.173446] pinctrl core: initialized pinctrl subsystem
[    0.176130] RTC time: 23:01:09, date: 11/06/21
[    0.177167] NET: Registered protocol family 16
[    0.178235] audit: initializing netlink subsys (disabled)
[    0.180032] audit: type=2000 audit(1636239674.723:1): state=initialized audit_enabled=0 res=1
[    0.182360] cpuidle: using governor ladder
[    0.184165] cpuidle: using governor menu
[    0.185605] ACPI: bus type PCI registered
[    0.187052] acpiphp: ACPI Hot Plug PCI Controller Driver version: 0.5
[    0.188349] PCI: Using configuration type 1 for base access
[    0.192042] HugeTLB registered 2.00 MiB page size, pre-allocated 0 pages
[    0.193364] ACPI: Added _OSI(Module Device)
[    0.193364] ACPI: Added _OSI(Processor Device)
[    0.193747] ACPI: Added _OSI(3.0 _SCP Extensions)
[    0.196003] ACPI: Added _OSI(Processor Aggregator Device)
[    0.199065] ACPI: Added _OSI(Linux-Dell-Video)
[    0.200036] ACPI: Added _OSI(Linux-Lenovo-NV-HDMI-Audio)
[    0.201635] ACPI: Added _OSI(Linux-HPI-Hybrid-Graphics)
[    0.202856] ACPI: Executed 1 blocks of module-level executable AML code
[    0.207075] ACPI: Interpreter enabled
[    0.208012] ACPI: (supports S0 S5)
[    0.208614] ACPI: Using IOAPIC for interrupt routing
[    0.209644] PCI: Using host bridge windows from ACPI; if necessary, use "pci=nocrs" and report a bug
[    0.211182] ACPI: Enabled 2 GPEs in block 00 to 07
[    0.220000] ACPI: PCI Root Bridge [PCI0] (domain 0000 [bus 00-ff])
[    0.220016] acpi PNP0A03:00: _OSC: OS supports [ASPM ClockPM Segments MSI]
[    0.222005] acpi PNP0A03:00: _OSC: not requesting OS control; OS requires [ExtendedConfig ASPM ClockPM MSI]
[    0.224030] acpi PNP0A03:00: fail to add MMCONFIG information, can't access extended PCI configuration space under this bridge.
[    0.226696] PCI host bridge to bus 0000:00
[    0.228005] pci_bus 0000:00: root bus resource [io  0x0000-0x0cf7 window]
[    0.229065] pci_bus 0000:00: root bus resource [io  0x0d00-0xffff window]
[    0.232046] pci_bus 0000:00: root bus resource [mem 0x000a0000-0x000bffff window]
[    0.236040] pci_bus 0000:00: root bus resource [mem 0x80000000-0xfdffffff window]
[    0.237539] pci_bus 0000:00: root bus resource [bus 00-ff]
[    0.242140] pci 0000:00:01.1: legacy IDE quirk: reg 0x10: [io  0x01f0-0x01f7]
[    0.243504] pci 0000:00:01.1: legacy IDE quirk: reg 0x14: [io  0x03f6]
[    0.244004] pci 0000:00:01.1: legacy IDE quirk: reg 0x18: [io  0x0170-0x0177]
[    0.245481] pci 0000:00:01.1: legacy IDE quirk: reg 0x1c: [io  0x0376]
[    0.310423] pci 0000:00:07.0: quirk: [io  0x4000-0x403f] claimed by PIIX4 ACPI
[    0.312115] pci 0000:00:07.0: quirk: [io  0x4100-0x410f] claimed by PIIX4 SMB
[    0.358215] ACPI: PCI Interrupt Link [LNKA] (IRQs 5 9 10 *11)
[    0.360911] ACPI: PCI Interrupt Link [LNKB] (IRQs 5 9 *10 11)
[    0.364669] ACPI: PCI Interrupt Link [LNKC] (IRQs 5 *9 10 11)
[    0.368412] ACPI: PCI Interrupt Link [LNKD] (IRQs 5 9 10 *11)
[    0.372549] SCSI subsystem initialized
[    0.373781] pci 0000:00:02.0: vgaarb: setting as boot VGA device
[    0.373884] pci 0000:00:02.0: vgaarb: VGA device added: decodes=io+mem,owns=io+mem,locks=none
[    0.376054] pci 0000:00:02.0: vgaarb: bridge control possible
[    0.380010] vgaarb: loaded
[    0.381075] ACPI: bus type USB registered
[    0.382342] usbcore: registered new interface driver usbfs
[    0.384028] usbcore: registered new interface driver hub
[    0.385571] usbcore: registered new device driver usb
[    0.387021] EDAC MC: Ver: 3.0.0
[    0.388333] PCI: Using ACPI for IRQ routing
[    0.389684] NetLabel: Initializing
[    0.390726] NetLabel:  domain hash size = 128
[    0.392020] NetLabel:  protocols = UNLABELED CIPSOv4 CALIPSO
[    0.394028] NetLabel:  unlabeled traffic allowed by default
[    0.396310] clocksource: Switched to clocksource kvm-clock
[    0.416069] VFS: Disk quotas dquot_6.6.0
[    0.417403] VFS: Dquot-cache hash table entries: 512 (order 0, 4096 bytes)
[    0.419688] AppArmor: AppArmor Filesystem Enabled
[    0.421358] pnp: PnP ACPI init
[    0.423966] pnp: PnP ACPI: found 3 devices
[    0.438939] clocksource: acpi_pm: mask: 0xffffff max_cycles: 0xffffff, max_idle_ns: 2085701024 ns
[    0.440890] NET: Registered protocol family 2
[    0.443446] IP idents hash table entries: 32768 (order: 6, 262144 bytes)
[    0.446918] TCP established hash table entries: 16384 (order: 5, 131072 bytes)
[    0.448826] TCP bind hash table entries: 16384 (order: 6, 262144 bytes)
[    0.450731] TCP: Hash tables configured (established 16384 bind 16384)
[    0.452100] UDP hash table entries: 1024 (order: 3, 32768 bytes)
[    0.453151] UDP-Lite hash table entries: 1024 (order: 3, 32768 bytes)
[    0.454387] NET: Registered protocol family 1
[    0.455530] pci 0000:00:00.0: Limiting direct PCI/PCI transfers
[    0.456967] pci 0000:00:01.0: Activating ISA DMA hang workarounds
[    0.458401] pci 0000:00:02.0: Video device with shadowed ROM at [mem 0x000c0000-0x000dffff]
[    0.460907] Unpacking initramfs...
[    0.832455] Freeing initrd memory: 19520K
[    0.834294] clocksource: tsc: mask: 0xffffffffffffffff max_cycles: 0x21360722cd5, max_idle_ns: 440795321001 ns
[    0.836808] platform rtc_cmos: registered platform RTC device (no PNP device found)
[    0.838430] Scanning for low memory corruption every 60 seconds
[    0.840707] Initialise system trusted keyrings
[    0.841826] Key type blacklist registered
[    0.843380] workingset: timestamp_bits=36 max_order=19 bucket_order=0
[    0.848005] zbud: loaded
[    0.849613] squashfs: version 4.0 (2009/01/31) Phillip Lougher
[    0.851227] fuse init (API version 7.26)
[    0.854014] Key type asymmetric registered
[    0.855178] Asymmetric key parser 'x509' registered
[    0.856301] Block layer SCSI generic (bsg) driver version 0.4 loaded (major 246)
[    0.858531] io scheduler noop registered
[    0.859887] io scheduler deadline registered
[    0.861383] io scheduler cfq registered (default)
[    0.863058] ACPI: AC Adapter [AC] (on-line)
[    0.863954] input: Power Button as /devices/LNXSYSTM:00/LNXPWRBN:00/input/input0
[    0.865416] ACPI: Power Button [PWRF]
[    0.866102] input: Sleep Button as /devices/LNXSYSTM:00/LNXSLPBN:00/input/input1
[    0.867301] ACPI: Sleep Button [SLPF]
[    0.868841] ACPI: Battery Slot [BAT0] (battery present)
[    0.869737] Serial: 8250/16550 driver, 32 ports, IRQ sharing enabled
[    0.891606] 00:02: ttyS0 at I/O 0x3f8 (irq = 4, base_baud = 115200) is a 16550A
[    0.898558] Linux agpgart interface v0.103
[    0.901726] loop: module loaded
[    0.903260] scsi host0: ata_piix
[    0.904309] scsi host1: ata_piix
[    0.905153] ata1: PATA max UDMA/33 cmd 0x1f0 ctl 0x3f6 bmdma 0xd000 irq 14
[    0.906806] ata2: PATA max UDMA/33 cmd 0x170 ctl 0x376 bmdma 0xd008 irq 15
[    0.909186] libphy: Fixed MDIO Bus: probed
[    0.910167] tun: Universal TUN/TAP device driver, 1.6
[    0.911601] PPP generic driver version 2.4.2
[    0.912834] ehci_hcd: USB 2.0 'Enhanced' Host Controller (EHCI) Driver
[    0.914335] ehci-pci: EHCI PCI platform driver
[    0.915454] ehci-platform: EHCI generic platform driver
[    0.917359] ohci_hcd: USB 1.1 'Open' Host Controller (OHCI) Driver
[    0.918770] ohci-pci: OHCI PCI platform driver
[    0.919848] ohci-platform: OHCI generic platform driver
[    0.921219] uhci_hcd: USB Universal Host Controller Interface driver
[    0.922784] i8042: PNP: PS/2 Controller [PNP0303:PS2K,PNP0f03:PS2M] at 0x60,0x64 irq 1,12
[    0.928474] serio: i8042 KBD port at 0x60,0x64 irq 1
[    0.930301] serio: i8042 AUX port at 0x60,0x64 irq 12
[    0.932190] mousedev: PS/2 mouse device common for all mice
[    0.934470] input: AT Translated Set 2 keyboard as /devices/platform/i8042/serio0/input/input2
[    0.936202] rtc_cmos rtc_cmos: rtc core: registered rtc_cmos as rtc0
[    0.938416] rtc_cmos rtc_cmos: alarms up to one day, 114 bytes nvram
[    0.939729] i2c /dev entries driver
[    0.940874] device-mapper: uevent: version 1.0.3
[    0.941857] device-mapper: ioctl: 4.37.0-ioctl (2017-09-20) initialised: dm-devel@redhat.com
[    0.945737] ledtrig-cpu: registered to indicate activity on CPUs
[    0.950444] NET: Registered protocol family 10
[    0.956375] Segment Routing with IPv6
[    0.959593] NET: Registered protocol family 17
[    0.961930] Key type dns_resolver registered
[    0.963970] mce: Using 0 MCE banks
[    0.966004] RAS: Correctable Errors collector initialized.
[    0.967895] sched_clock: Marking stable (965859445, 0)->(1224355971, -258496526)
[    0.970179] registered taskstats version 1
[    0.971077] Loading compiled-in X.509 certificates
[    0.975052] Loaded X.509 cert 'Build time autogenerated kernel key: 1542c441293f32312405dc023a70312e7f0d3f0a'
[    0.978164] Loaded X.509 cert 'Canonical Ltd. Live Patch Signing: 14df34d1a87cf37625abec039ef2bf521249b969'
[    0.981018] Loaded X.509 cert 'Canonical Ltd. Kernel Module Signing: 88f752e560a1e0737e31163a466ad7b70a850c19'
[    0.982921] zswap: loaded using pool lzo/zbud
[    0.987289] Key type big_key registered
[    0.988038] Key type trusted registered
[    0.990485] Key type encrypted registered
[    0.991649] AppArmor: AppArmor sha1 policy hashing enabled
[    0.993324] ima: No TPM chip found, activating TPM-bypass! (rc=-19)
[    0.995103] ima: Allocated hash algorithm: sha1
[    0.996183] evm: HMAC attrs: 0x1
[    0.997376]   Magic number: 13:882:48
[    0.998143] rtc_cmos rtc_cmos: setting system clock to 2021-11-06 23:01:10 UTC (1636239670)
[    0.999659] BIOS EDD facility v0.16 2004-Jun-25, 0 devices found
[    1.000673] EDD information not available.
[    1.107160] Freeing unused kernel image memory: 2448K
[    1.120190] Write protecting the kernel read-only data: 20480k
[    1.122870] Freeing unused kernel image memory: 2008K
[    1.127637] Freeing unused kernel image memory: 1824K
[    1.146914] x86/mm: Checked W+X mappings: passed, no W+X pages found.
[    1.149396] x86/mm: Checking user space page tables
[    1.168111] x86/mm: Checked W+X mappings: passed, no W+X pages found.
Loading, please wait...
starting version 237
[    1.303141] e1000: Intel(R) PRO/1000 Network Driver - version 7.3.21-k8-NAPI
[    1.305129] e1000: Copyright (c) 1999-2006 Intel Corporation.
[    1.306534] Fusion MPT base driver 3.04.20
[    1.307734] Copyright (c) 1999-2008 LSI Corporation
[    1.317977] Fusion MPT SPI Host driver 3.04.20
[    1.343234] AVX2 version of gcm_enc/dec engaged.
[    1.345456] AES CTR mode by8 optimization enabled
[    1.518560] input: ImExPS/2 Generic Explorer Mouse as /devices/platform/i8042/serio1/input/input4
[    1.868823] e1000 0000:00:03.0 eth0: (PCI:33MHz:32-bit) 02:98:b5:2c:07:4e
[    1.873464] e1000 0000:00:03.0 eth0: Intel(R) PRO/1000 Network Connection
[    2.887112] e1000 0000:00:08.0 eth1: (PCI:33MHz:32-bit) 08:00:27:c3:ea:fb
[    2.888552] e1000 0000:00:08.0 eth1: Intel(R) PRO/1000 Network Connection
[    2.891691] e1000 0000:00:03.0 enp0s3: renamed from eth0
[    2.911142] mptbase: ioc0: Initiating bringup
[    2.925494] e1000 0000:00:08.0 enp0s8: renamed from eth1
[    3.409795] ioc0: LSI53C1030 A0: Capabilities={Initiator}
[    6.637020] scsi host2: ioc0: LSI53C1030 A0, FwRev=00000000h, Ports=1, MaxQ=256, IRQ=20
[    8.554198] scsi 2:0:0:0: Direct-Access     VBOX     HARDDISK         1.0  PQ: 0 ANSI: 5
[    8.592401] scsi target2:0:0: Beginning Domain Validation
[    8.611512] scsi target2:0:0: Domain Validation skipping write tests
[    8.618215] scsi target2:0:0: Ending Domain Validation
[    8.625711] scsi target2:0:0: asynchronous
[    8.632651] scsi 2:0:1:0: Direct-Access     VBOX     HARDDISK         1.0  PQ: 0 ANSI: 5
[    8.672337] scsi target2:0:1: Beginning Domain Validation
[    8.683259] random: fast init done
[    8.686506] scsi target2:0:1: Domain Validation skipping write tests
[    8.689455] scsi target2:0:1: Ending Domain Validation
[    8.698188] scsi target2:0:1: asynchronous
[    8.716748] random: systemd-udevd: uninitialized urandom read (16 bytes read)
[    8.717094] sd 2:0:0:0: Attached scsi generic sg0 type 0
[    8.720660] random: systemd-udevd: uninitialized urandom read (16 bytes read)
[    8.724359] sd 2:0:1:0: Attached scsi generic sg1 type 0
[    8.731234] random: systemd-udevd: uninitialized urandom read (16 bytes read)
[    8.738784] sd 2:0:0:0: [sda] 83886080 512-byte logical blocks: (42.9 GB/40.0 GiB)
[    8.742465] sd 2:0:1:0: [sdb] 20480 512-byte logical blocks: (10.5 MB/10.0 MiB)
[    8.744977] sd 2:0:0:0: [sda] Write Protect is off
[    8.746340] sd 2:0:1:0: [sdb] Write Protect is off
[    8.748334] sd 2:0:1:0: [sdb] Incomplete mode parameter data
[    8.749826] sd 2:0:1:0: [sdb] Assuming drive cache: write through
[    8.751271] sd 2:0:0:0: [sda] Incomplete mode parameter data
[    8.752753] sd 2:0:0:0: [sda] Assuming drive cache: write through
[    8.766311]  sda: sda1
[    8.768662] sd 2:0:0:0: [sda] Attached SCSI disk
[    8.770005] sd 2:0:1:0: [sdb] Attached SCSI disk
Begin: Loading essential drivers ... [   10.412240] raid6: sse2x1   gen()  7044 MB/s
[   10.460437] raid6: sse2x1   xor()  5640 MB/s
[   10.508232] raid6: sse2x2   gen() 10326 MB/s
[   10.556210] raid6: sse2x2   xor()  7371 MB/s
[   10.604126] raid6: sse2x4   gen() 11740 MB/s
[   10.652150] raid6: sse2x4   xor()  5681 MB/s
[   10.700161] raid6: avx2x1   gen() 14215 MB/s
[   10.748190] raid6: avx2x1   xor() 10970 MB/s
[   10.796274] raid6: avx2x2   gen() 19228 MB/s
[   10.844191] raid6: avx2x2   xor() 12985 MB/s
[   10.892367] raid6: avx2x4   gen() 20690 MB/s
[   10.940327] raid6: avx2x4   xor()  9959 MB/s
[   10.941493] raid6: using algorithm avx2x4 gen() 20690 MB/s
[   10.943182] raid6: .... xor() 9959 MB/s, rmw enabled
[   10.944689] raid6: using avx2x2 recovery algorithm
[   10.947428] xor: automatically using best checksumming function   avx       
[   10.950660] async_tx: api initialized (async)
done.
Begin: Running /scripts/init-premount ... done.
Begin: Mounting root file system ... Begin: Running /scripts/local-top ... done.
Begin: Running /scripts/local-premount ... [   11.008731] Btrfs loaded, crc32c=crc32c-intel
Scanning for Btrfs filesystems
done.
Warning: fsck not present, so skipping root file system
[   11.062136] EXT4-fs (sda1): INFO: recovery required on readonly filesystem
[   11.064193] EXT4-fs (sda1): write access will be enabled during recovery
[   11.200493] EXT4-fs (sda1): orphan cleanup on readonly fs
[   11.203226] EXT4-fs (sda1): 5 orphan inodes deleted
[   11.204409] EXT4-fs (sda1): recovery complete
[   11.212841] EXT4-fs (sda1): mounted filesystem with ordered data mode. Opts: (null)
done.
Begin: Running /scripts/local-bottom ... done.
Begin: Running /scripts/init-bottom ... done.
[   11.418887] ip_tables: (C) 2000-2006 Netfilter Core Team
[   11.431410] systemd[1]: systemd 237 running in system mode. (+PAM +AUDIT +SELINUX +IMA +APPARMOR +SMACK +SYSVINIT +UTMP +LIBCRYPTSETUP +GCRYPT +GNUTLS +ACL +XZ +LZ4 +SECCOMP +BLKID +ELFUTILS +KMOD -IDN2 +IDN -PCRE2 default-hierarchy=hybrid)
[   11.440926] systemd[1]: Detected virtualization oracle.
[   11.443053] systemd[1]: Detected architecture x86-64.

Welcome to [1mUbuntu 18.04.6 LTS[0m!

[   11.452611] systemd[1]: Set hostname to <ubuntu-bionic>.
[   11.831724] systemd[1]: Started Forward Password Requests to Wall Directory Watch.
[[0;32m  OK  [0m] Started Forward Password Requests to Wall Directory Watch.
[   11.835289] systemd[1]: Reached target User and Group Name Lookups.
[[0;32m  OK  [0m] Reached target User and Group Name Lookups.
[   11.839565] systemd[1]: Created slice System Slice.
[[0;32m  OK  [0m] Created slice System Slice.
[   11.845160] systemd[1]: Listening on Journal Audit Socket.
[[0;32m  OK  [0m] Listening on Journal Audit Socket.
[   11.853244] systemd[1]: Listening on LVM2 metadata daemon socket.
[[0;32m  OK  [0m] Listening on LVM2 metadata daemon socket.
[   11.860741] systemd[1]: Listening on fsck to fsckd communication Socket.
[[0;32m  OK  [0m] Listening on fsck to fsckd communication Socket.
[[0;32m  OK  [0m] Created slice system-serial\x2dgetty.slice.
[[0;32m  OK  [0m] Listening on Device-mapper event daemon FIFOs.
[[0;32m  OK  [0m] Listening on Syslog Socket.
[[0;32m  OK  [0m] Listening on udev Kernel Socket.
[[0;32m  OK  [0m] Listening on /dev/initctl Compatibility Named Pipe.
[[0;32m  OK  [0m] Listening on Journal Socket (/dev/log).
[[0;32m  OK  [0m] Listening on LVM2 poll daemon socket.
[[0;32m  OK  [0m] Listening on Journal Socket.
         Starting Monitoring of LVM2 mirrorsâ€¦ng dmeventd or progress polling...
         Starting Journal Service...
         Starting Load Kernel Modules...
         Starting Uncomplicated firewall...
         Mounting POSIX Message Queue File System...
         Starting Set the console keyboard layout...
         Mounting Huge Pages File System...
         Starting File System Check on Root Device...
         Starting Create list of required stâ€¦ce nodes for the current kernel...
         Mounting Kernel Debug File System...
[[0;32m  OK  [0m] Created slice User and Session Slice.
[[0;32m  OK  [0m] Reached target Slices.
[[0;32m  OK  [0m] Listening on udev Control Socket.
         [   11.961479] Loading iSCSI transport class v2.0-870.
Starting udev Coldplug all Devices...
[[0;32m  OK  [0m] Set up automount Arbitrary Executabâ€¦rmats File System Automount Point.
[[0;32m  OK  [0m] Reached target Swap.
[[0;32m  OK  [0m] Listening on Network Service Netlink Socket.
[[0;32m  OK  [0m] Reached target System Time Synchronized.
[[0;32m  OK  [0m] Started Journal Service.
[[0;32m  OK  [0m] Started Uncomplicated firewall.
[[0;32m  OK  [0m] Mounted POSIX Message Queue File System.
[[0;32m  OK  [0m] Mounted Huge Pages File System.
[[0;32m  OK  [0m] Started Create list of required staâ€¦vice nodes for the current kernel.
[[0;32m  OK  [0m] Mounted Kernel Debug File System.
[   12.048401] iscsi: registered transport (tcp)
[[0;32m  OK  [0m] Started LVM2 metadata daemon.
[[0;32m  OK  [0m] Started File System Check Daemon to report status.
         Starting Create Static Device Nodes in /dev...
[[0;32m  OK  [0m] Started File System Check on Root Device.
         Starting Remount Root and Kernel File Systems...
[[0;32m  OK  [0m] Started udev Coldplug all Devices.
[[0;32m  OK  [0m] Started Create Static Device Nodes in /dev.
[   12.181373] iscsi: registered transport (iser)
[[0;32m  OK  [0m] Started Load Kernel Modules.
         Starting Apply Kernel Variables...
         Mounting Kernel Configuration File System...
         Mounting FUSE Control File System...
[[0;32m  OK  [0m] Mounted Kernel Configuration File System.
[[0;32m  OK  [0m] Mounted FUSE Control File System.
[   12.214720] EXT4-fs (sda1): re-mounted. Opts: (null)
[[0;32m  OK  [0m] Started Remount Root and Kernel File Systems.
         Starting Flush Journal to Persistent Storage...
         Starting udev Kernel Device Manager...
         Starting Load/Save Random Seed...
[[0;32m  OK  [0m] Started Monitoring of LVM2 mirrors,â€¦sing dmeventd or progress polling.
[[0;32m  OK  [0m] Started Load/Save Random Seed.
[[0;32m  OK  [0m] Started Apply Kernel Variables.
[[0;32m  OK  [0m] Started udev Kernel Device Manager.
[[0;32m  OK  [0m] Started Flush Journal to Persistent Storage.
[[0;32m  OK  [0m] Found device /dev/ttyS0.
[[0;32m  OK  [0m] Listening on Load/Save RF Kill Switch Status /dev/rfkill Watch.
[[0;32m  OK  [0m] Started Set the console keyboard layout.
[[0;32m  OK  [0m] Reached target Local File Systems (Pre).
[[0;32m  OK  [0m] Reached target Local File Systems.
         Starting AppArmor initialization...
         Starting ebtables ruleset management...
         Starting Tell Plymouth To Write Out Runtime Data...
         Starting Create Volatile Files and Directories...
         Starting Set console font and keymap...
[[0;32m  OK  [0m] Started Dispatch Password Requests to Console Directory Watch.
[[0;32m  OK  [0m] Reached target Local Encrypted Volumes.
[[0;32m  OK  [0m] Started Tell Plymouth To Write Out Runtime Data.
[[0;32m  OK  [0m] Started Set console font and keymap.
[[0;32m  OK  [0m] Started Create Volatile Files and Directories.
         Starting Update UTMP about System Boot/Shutdown...
[[0;32m  OK  [0m] Started Update UTMP about System Boot/Shutdown.
[[0;32m  OK  [0m] Started ebtables ruleset management.
[[0;32m  OK  [0m] Started AppArmor initialization.
         Starting Load AppArmor profiles managed internally by snapd...
         Starting Initial cloud-init job (pre-networking)...
[[0;32m  OK  [0m] Started Load AppArmor profiles managed internally by snapd.
[   16.553175] cloud-init[666]: Cloud-init v. 21.3-1-g6803368d-0ubuntu1~18.04.4 running 'init-local' at Sat, 06 Nov 2021 23:01:25 +0000. Up 16.29 seconds.
[[0;32m  OK  [0m] Started Initial cloud-init job (pre-networking).
[[0;32m  OK  [0m] Reached target Network (Pre).
         Starting Network Service...
[[0;32m  OK  [0m] Started Network Service.
         Starting Wait for Network to be Configured...
         Starting Network Name Resolution...
[[0;32m  OK  [0m] Started Network Name Resolution.
[[0;32m  OK  [0m] Reached target Network.
[[0;32m  OK  [0m] Reached target Host and Network Name Lookups.
[[0;32m  OK  [0m] Started Wait for Network to be Configured.
         Starting Initial cloud-init job (metadata service crawler)...
[   19.853495] cloud-init[764]: Cloud-init v. 21.3-1-g6803368d-0ubuntu1~18.04.4 running 'init' at Sat, 06 Nov 2021 23:01:29 +0000. Up 19.60 seconds.
[   19.857010] cloud-init[764]: ci-info: ++++++++++++++++++++++++++++++++++++++Net device info+++++++++++++++++++++++++++++++++++++++
[   19.872830] cloud-init[764]: ci-info: +--------+------+-----------------------------+---------------+--------+-------------------+
[   19.879806] cloud-init[764]: ci-info: | Device |  Up  |           Address           |      Mask     | Scope  |     Hw-Address    |
[   19.882485] cloud-init[764]: ci-info: +--------+------+-----------------------------+---------------+--------+-------------------+
[   19.884894] cloud-init[764]: ci-info: | enp0s3 | True |          10.0.2.15          | 255.255.255.0 | global | 02:98:b5:2c:07:4e |
[   19.886783] cloud-init[764]: ci-info: | enp0s3 | True |  fe80::98:b5ff:fe2c:74e/64  |       .       |  link  | 02:98:b5:2c:07:4e |
[   19.890464] cloud-init[764]: ci-info: | enp0s8 | True |         192.168.56.4        | 255.255.255.0 | global | 08:00:27:c3:ea:fb |
[   19.894745] cloud-init[764]: ci-info: | enp0s8 | True | fe80::a00:27ff:fec3:eafb/64 |       .       |  link  | 08:00:27:c3:ea:fb |
[   19.897235] cloud-init[764]: ci-info: |   lo   | True |          127.0.0.1          |   255.0.0.0   |  host  |         .         |
[   19.899532] cloud-init[764]: ci-info: |   lo   | True |           ::1/128           |       .       |  host  |         .         |
[   19.913045] cloud-init[764]: ci-info: +--------+------+-----------------------------+---------------+--------+-------------------+
[   19.916632] cloud-init[764]: ci-info: +++++++++++++++++++++++++++++Route IPv4 info+++++++++++++++++++++++++++++
[   19.918680] cloud-init[764]: ci-info: +-------+--------------+----------+-----------------+-----------+-------+
[   19.920962] cloud-init[764]: ci-info: | Route | Destination  | Gateway  |     Genmask     | Interface | Flags |
[   19.925411] cloud-init[764]: ci-info: +-------+--------------+----------+-----------------+-----------+-------+
[   19.931188] cloud-init[764]: ci-info: |   0   |   0.0.0.0    | 10.0.2.2 |     0.0.0.0     |   enp0s3  |   UG  |
[   19.933399] cloud-init[764]: ci-info: |   1   |   10.0.2.0   | 0.0.0.0  |  255.255.255.0  |   enp0s3  |   U   |
[   19.935475] cloud-init[764]: ci-info: |   2   |   10.0.2.2   | 0.0.0.0  | 255.255.255.255 |   enp0s3  |   UH  |
[   19.937595] cloud-init[764]: ci-info: |   3   | 192.168.56.0 | 0.0.0.0  |  255.255.255.0  |   enp0s8  |   U   |
[   19.941125] cloud-init[764]: ci-info: +-------+--------------+----------+-----------------+-----------+-------+
[   19.948315] cloud-init[764]: ci-info: +++++++++++++++++++Route IPv6 info+++++++++++++++++++
[   19.949976] cloud-init[764]: ci-info: +-------+-------------+---------+-----------+-------+
[   19.951496] cloud-init[764]: ci-info: | Route | Destination | Gateway | Interface | Flags |
[   19.953239] cloud-init[764]: ci-info: +-------+-------------+---------+-----------+-------+
[   19.954376] cloud-init[764]: ci-info: |   1   |  fe80::/64  |    ::   |   enp0s8  |   U   |
[   19.955976] cloud-init[764]: ci-info: |   2   |  fe80::/64  |    ::   |   enp0s3  |   U   |
[   19.959219] cloud-init[764]: ci-info: |   4   |    local    |    ::   |   enp0s3  |   U   |
[   19.961744] cloud-init[764]: ci-info: |   5   |    local    |    ::   |   enp0s8  |   U   |
[   19.965678] cloud-init[764]: ci-info: |   6   |   ff00::/8  |    ::   |   enp0s8  |   U   |
[   19.967641] cloud-init[764]: ci-info: |   7   |   ff00::/8  |    ::   |   enp0s3  |   U   |
[   19.969560] cloud-init[764]: ci-info: +-------+-------------+---------+-----------+-------+
[[0;32m  OK  [0m] Started Initial cloud-init job (metadata service crawler).
[[0;32m  OK  [0m] Reached target Network is Online.
[[0;32m  OK  [0m] Reached target Remote File Systems (Pre).
[[0;32m  OK  [0m] Reached target Remote File Systems.
         Starting Availability of block devices...
[[0;32m  OK  [0m] Reached target Cloud-config availability.
[[0;32m  OK  [0m] Reached target System Initialization.
[[0;32m  OK  [0m] Started Trigger to poll for Ubuntu â€¦(Only enabled on GCP LTS non-pro).
         Starting LXD - unix socket.
         Starting Socket activation for snappy daemon.
[[0;32m  OK  [0m] Started Message of the Day.
[[0;32m  OK  [0m] Started ACPI Events Check.
         Starting Docker Socket for the API.
[[0;32m  OK  [0m] Listening on cloud-init hotplug hook socket.
[[0;32m  OK  [0m] Listening on ACPID Listen Socket.
[[0;32m  OK  [0m] Started Ubuntu Advantage Timer for running repeated jobs.
[[0;32m  OK  [0m] Listening on D-Bus System Message Bus Socket.
[[0;32m  OK  [0m] Listening on UUID daemon activation socket.
[[0;32m  OK  [0m] Listening on Open-iSCSI iscsid Socket.
[[0;32m  OK  [0m] Started Daily apt download activities.
[[0;32m  OK  [0m] Started Daily apt upgrade and clean activities.
[[0;32m  OK  [0m] Started Daily Cleanup of Temporary Directories.
[[0;32m  OK  [0m] Started Discard unused blocks once a week.
[[0;32m  OK  [0m] Reached target Timers.
[[0;32m  OK  [0m] Reached target Paths.
[[0;32m  OK  [0m] Started Availability of block devices.
[[0;32m  OK  [0m] Listening on LXD - unix socket.
[[0;32m  OK  [0m] Listening on Socket activation for snappy daemon.
[[0;32m  OK  [0m] Listening on Docker Socket for the API.
[[0;32m  OK  [0m] Reached target Sockets.
[[0;32m  OK  [0m] Reached target Basic System.
         Starting LSB: Start Jenkins at boot time...
         Starting LSB: Linux init script for swapspace...
[[0;32m  OK  [0m] Started Regular background program processing daemon.
         Starting System Logging Service...
[[0;32m  OK  [0m] Started Deferred execution scheduler.
         Starting LSB: Record successful boot for GRUB...
[[0;32m  OK  [0m] Started irqbalance daemon.
         Starting OpenBSD Secure Shell server...
         Starting LSB: automatic crash report generation...
         Starting Snap Daemon...
[[0;32m  OK  [0m] Started FUSE filesystem for LXC.
         Starting Message of the Day...
         Starting Permit User Sessions...
         Starting MySQL Community Server...
         Starting Dispatcher daemon for systemd-networkd...
         Starting Login Service...
         Starting containerd container runtime...
         Starting Accounts Service...
         Starting Virtualbox guest utils...
[[0;32m  OK  [0m] Started D-Bus System Message Bus.
         Starting LXD - container startup/shutdown...
[[0;32m  OK  [0m] Started System Logging Service.
[[0;32m  OK  [0m] Started Permit User Sessions.
[[0;32m  OK  [0m] Started Login Service.
[[0;32m  OK  [0m] Started Unattended Upgrades Shutdown.
         Starting Terminate Plymouth Boot Screen...
         Starting Hold until boot process finishes up...
[[0;32m  OK  [0m] Started Hold until boot process finishes up.
         Starting Set console scheme...
[[0;32m  OK  [0m] Started Serial Getty on ttyS0.
[[0;32m  OK  [0m] Started OpenBSD Secure Shell server.
[[0;32m  OK  [0m] Started Terminate Plymouth Boot Screen.
[[0;32m  OK  [0m] Started LSB: Linux init script for swapspace.
[[0;32m  OK  [0m] Started Set console scheme.
[[0;32m  OK  [0m] Created slice system-getty.slice.
[[0;32m  OK  [0m] Started Getty on tty1.
[[0;32m  OK  [0m] Reached target Login Prompts.
         Starting Authorization Manager...
[[0;32m  OK  [0m] Started LSB: automatic crash report generation.
[[0;32m  OK  [0m] Started LSB: Record successful boot for GRUB.
[[0;32m  OK  [0m] Started Authorization Manager.
[[0;32m  OK  [0m] Started Accounts Service.
[[0;32m  OK  [0m] Started Virtualbox guest utils.
[[0;32m  OK  [0m] Created slice User Slice of vagrant.
         Starting User Manager for UID 1000...
[[0;32m  OK  [0m] Started Session 1 of user vagrant.
[[0;32m  OK  [0m] Started LXD - container startup/shutdown.
[[0;32m  OK  [0m] Started Dispatcher daemon for systemd-networkd.
[[0;32m  OK  [0m] Started User Manager for UID 1000.
[[0;32m  OK  [0m] Started containerd container runtime.
         Starting Docker Application Container Engine...
[[0;32m  OK  [0m] Created slice User Slice of jenkins.
         Starting User Manager for UID 112...
[[0;32m  OK  [0m] Started Session c1 of user jenkins.
[[0;32m  OK  [0m] Started User Manager for UID 112.
[[0;32m  OK  [0m] Started Snap Daemon.
         Starting Wait until snapd is fully seeded...
[[0;32m  OK  [0m] Started Wait until snapd is fully seeded.
         Starting Apply the settings specified in cloud-config...
[[0;32m  OK  [0m] Started Message of the Day.
[[0;32m  OK  [0m] Started MySQL Community Server.
[[0;32m  OK  [0m] Started LSB: Start Jenkins at boot time.
[   25.248323] cloud-init[1363]: Cloud-init v. 21.3-1-g6803368d-0ubuntu1~18.04.4 running 'modules:config' at Sat, 06 Nov 2021 23:01:34 +0000. Up 24.99 seconds.
[[0;32m  OK  [0m] Started Apply the settings specified in cloud-config.

Ubuntu 18.04.6 LTS ubuntu-bionic ttyS0

ubuntu-bionic login: [   28.552912] cloud-init[1728]: Cloud-init v. 21.3-1-g6803368d-0ubuntu1~18.04.4 running 'modules:final' at Sat, 06 Nov 2021 23:01:37 +0000. Up 28.20 seconds.
[   28.553112] cloud-init[1728]: Cloud-init v. 21.3-1-g6803368d-0ubuntu1~18.04.4 finished at Sat, 06 Nov 2021 23:01:38 +0000. Datasource DataSourceNoCloud [seed=/dev/sdb][dsmode=net].  Up 28.53 seconds
